starting every implementation for the equivalence check...
  blazingly ready on 3201
  axum ready on 3202
  actix ready on 3203
  tokio ready on 3204
  fastapi ready on 3205
all 120 checks agree across blazingly, axum, actix, tokio, fastapi
host CPU before the run: avg 85.6%  min 83.7%  max 87.2%
blazingly  upload  round 1         108 rps  p50 173.236ms  p99 677.404ms  cpu  155%  rss   26.1 MiB  host 85.8%
axum       upload  round 1         209 rps  p50 115.201ms  p99 253.804ms  cpu  213%  rss   67.0 MiB  host 85.8%
actix      upload  round 1         179 rps  p50 123.804ms  p99 578.743ms  cpu  187%  rss   49.3 MiB  host 85.7%
tokio      upload  round 1         128 rps  p50 176.041ms  p99 627.556ms  cpu  157%  rss   76.9 MiB  host 85.1%
fastapi    upload  round 1          18 rps  p50 1374.782ms p99 2684.711ms cpu  186%  rss  354.0 MiB  host 85.6%
blazingly  upload  round 2          94 rps  p50 165.074ms  p99 1770.430ms cpu  152%  rss   25.9 MiB  host 85.9%
axum       upload  round 2         169 rps  p50 140.022ms  p99 318.762ms  cpu  174%  rss   66.0 MiB  host 85.8%
actix      upload  round 2         181 rps  p50 122.667ms  p99 303.278ms  cpu  198%  rss   49.4 MiB  host 85.4%
tokio      upload  round 2         195 rps  p50 126.545ms  p99 296.759ms  cpu  196%  rss   76.2 MiB  host 84.9%
fastapi    upload  round 2          12 rps  p50 1658.720ms p99 3503.686ms cpu   95%  rss  350.8 MiB  host 85.3%
blazingly  upload  round 3         176 rps  p50 129.696ms  p99 385.220ms  cpu  225%  rss   25.8 MiB  host 83.4%
axum       upload  round 3         140 rps  p50 170.009ms  p99 426.062ms  cpu  135%  rss   65.7 MiB  host 85.2%
actix      upload  round 3         145 rps  p50 164.095ms  p99 337.485ms  cpu  154%  rss   48.1 MiB  host 85.7%
tokio      upload  round 3          51 rps  p50 281.747ms  p99 2054.258ms cpu   57%  rss   75.6 MiB  host 85.6%
fastapi    upload  round 3          19 rps  p50 1289.775ms p99 2536.695ms cpu  151%  rss  354.3 MiB  host 85.5%
blazingly  upload  round 4         169 rps  p50 119.153ms  p99 636.260ms  cpu  214%  rss   26.1 MiB  host 85.7%
axum       upload  round 4         183 rps  p50 133.837ms  p99 318.920ms  cpu  178%  rss   66.2 MiB  host 85.3%
actix      upload  round 4         166 rps  p50 114.835ms  p99 781.335ms  cpu  174%  rss   48.9 MiB  host 82.9%
tokio      upload  round 4          89 rps  p50 229.202ms  p99 850.947ms  cpu  116%  rss   76.5 MiB  host 85.1%
fastapi    upload  round 4          10 rps  p50 1316.950ms p99 4449.153ms cpu   75%  rss  351.9 MiB  host 85.7%
blazingly  upload  round 5          69 rps  p50 186.216ms  p99 1833.397ms cpu  105%  rss   25.8 MiB  host 85.5%
axum       upload  round 5          46 rps  p50 437.306ms  p99 1164.473ms cpu   61%  rss   65.9 MiB  host 85.5%
actix/upload round 5 discarded: 24 connection errors, 0 status mismatches
tokio      upload  round 5          18 rps  p50 891.857ms  p99 3117.481ms cpu   38%  rss   76.6 MiB  host 84.4%
fastapi/upload round 5 discarded: 1 connection errors, 0 status mismatches
API comparison: 32 connections, 8s per sample, 2s warmup, 5 rounds, 4 workers

host background CPU before: avg 85.6%  min 83.7%  max 87.2%
host background CPU after:  avg 85.9%  min 83%  max 87.8%

scenario: upload
  blazingly  median        108 rps   range         69 - 176        spread 2.56x  p50 173.236ms  p99 677.404ms  cpu  155%  peak RSS   26.1 MiB  host 83-86%  n=5
  axum       median        169 rps   range         46 - 209        spread 4.53x  p50 140.022ms  p99 318.762ms  cpu  174%  peak RSS   66.0 MiB  host 85-86%  n=5
  actix      median        179 rps   range        145 - 181        spread 1.25x  p50 123.804ms  p99 578.743ms  cpu  187%  peak RSS   49.3 MiB  host 83-86%  n=4
  tokio      median         89 rps   range         18 - 195        spread 10.75x  p50 229.202ms  p99 850.947ms  cpu  116%  peak RSS   76.5 MiB  host 84-86%  n=5
  fastapi    median         18 rps   range         10 - 19         spread 1.97x  p50 1374.782ms p99 2684.711ms cpu  186%  peak RSS  354.0 MiB  host 85-86%  n=4

discarded samples (excluded from every median above):
  actix      upload  round 5  connection errors  errors=24 mismatches=0
  fastapi    upload  round 5  connection errors  errors=1 mismatches=0

wrote C:\Users\SergiiZiborov\Documents\GitHub\MyProjects\blazingly-apibench\results\20260729-094851-summary.txt
